(μ_α0. ⟨cocase { ap(f, _α1) ⇒ ⟨cocase { ap(x, _α2) ⇒ ⟨x | _α2⟩ } | _α1⟩ } | (μ̃zero. ⟨(μ_α3. ⟨cocase { ap(n, _α4) ⇒ ⟨cocase { ap(f, _α5) ⇒ ⟨cocase { ap(x, _α6) ⇒ ⟨(μ_α7. ⟨f | ap((μ_α8. ⟨(μ_α9. ⟨n | ap(f); _α9⟩) | ap(x); _α8⟩)); _α7⟩) | _α6⟩ } | _α5⟩ } | _α4⟩ } | (μ̃succ. ⟨(μ_α10. ⟨cocase { ap(n, _α11) ⇒ ⟨(μ_α12. ⟨(μ_α13. ⟨n | ap(cocase { ap(x, _α14) ⇒ ⟨(μ_α15. +(x, 1; _α15)) | _α14⟩ }); _α13⟩) | ap(0); _α12⟩) | _α11⟩ } | (μ̃toInt. ⟨(μ_α16. ⟨toInt | ap((μ_α17. ⟨succ | ap((μ_α18. ⟨succ | ap((μ_α19. ⟨succ | ap(zero); _α19⟩)); _α18⟩)); _α17⟩)); _α16⟩) | _α10⟩)⟩) | _α3⟩)⟩) | _α0⟩)⟩)