(μ_α0. ⟨cocase { ap(a, _α1) ⇒ ⟨cocase { ap(b, _α2) ⇒ ⟨(μ_α3. ⟨a | case { Num(x) ⇒ ⟨(μ_α4. ⟨b | case { Num(y) ⇒ ⟨(Num (μ_α5. +(x, y; _α5))) | _α4⟩, Nil ⇒ ⟨Nil | _α4⟩, Cons(h, t) ⇒ ⟨Nil | _α4⟩ }⟩) | _α3⟩, Nil ⇒ ⟨Nil | _α3⟩, Cons(h, t) ⇒ ⟨Nil | _α3⟩ }⟩) | _α2⟩ } | _α1⟩ } | (μ~addNum. ⟨(μ_α6. ⟨cocase { ap(a, _α7) ⇒ ⟨cocase { ap(b, _α8) ⇒ ⟨(μ_α9. ⟨a | case { Num(x) ⇒ ⟨(μ_α10. ⟨b | case { Num(y) ⇒ ⟨(Num (μ_α11. *(x, y; _α11))) | _α10⟩, Nil ⇒ ⟨Nil | _α10⟩, Cons(h, t) ⇒ ⟨Nil | _α10⟩ }⟩) | _α9⟩, Nil ⇒ ⟨Nil | _α9⟩, Cons(h, t) ⇒ ⟨Nil | _α9⟩ }⟩) | _α8⟩ } | _α7⟩ } | (μ~mulNum. ⟨(μ_α12. ⟨(Num 3) | (μ~num1. ⟨(μ_α13. ⟨(Num 4) | (μ~num2. ⟨(μ_α14. ⟨(μ_α15. ⟨(μ_α16. ⟨addNum | ap(num1); _α16⟩) | ap(num2); _α15⟩) | case { Num(n) ⇒ ⟨n | _α14⟩, Nil ⇒ ⟨-1 | _α14⟩, Cons(h, t) ⇒ ⟨-2 | _α14⟩ }⟩) | _α13⟩)⟩) | _α12⟩)⟩) | _α6⟩)⟩) | _α0⟩)⟩)