error: ziku: no test driver configured
